(Left An error has occurred:  User error:
The provided Zerepoch code called 'error'.)