(Left An error has occurred:  User error:
The provided Zerepoch code called 'error'.
Caused by: (con integer 1427247692705959881058285969449495136382746624))